// Jest Snapshot v1, https://goo.gl/fbAQLP

exports[`LiquidityAmounts #getAmount0ForLiquidity gas 1`] = `239`;

exports[`LiquidityAmounts #getAmountsForLiquidity gas for price above 1`] = `275`;

exports[`LiquidityAmounts #getAmountsForLiquidity gas for price below 1`] = `287`;

exports[`LiquidityAmounts #getAmountsForLiquidity gas for price inside 1`] = `533`;

exports[`LiquidityAmounts #getLiquidityForAmount0 gas 1`] = `521`;

exports[`LiquidityAmounts #getLiquidityForAmount1 gas 1`] = `53`;

exports[`LiquidityAmounts #getLiquidityForAmount1 gas 2`] = `53`;

exports[`LiquidityAmounts #getLiquidityForAmounts gas for price above 1`] = `245`;

exports[`LiquidityAmounts #getLiquidityForAmounts gas for price below 1`] = `545`;

exports[`LiquidityAmounts #getLiquidityForAmounts gas for price inside 1`] = `791`;
