// Jest Snapshot v1, https://goo.gl/fbAQLP

exports[`QuoterV2 quotes #quoteExactInput 0 -> 2 -> 1 1`] = `281358`;

exports[`QuoterV2 quotes #quoteExactInput 0 -> 2 cross 0 tick, starting tick initialized 1`] = `147268`;

exports[`QuoterV2 quotes #quoteExactInput 0 -> 2 cross 0 tick, starting tick not initialized 1`] = `130630`;

exports[`QuoterV2 quotes #quoteExactInput 0 -> 2 cross 1 tick 1`] = `158806`;

exports[`QuoterV2 quotes #quoteExactInput 0 -> 2 cross 2 tick 1`] = `192957`;

exports[`QuoterV2 quotes #quoteExactInput 0 -> 2 cross 2 tick where after is initialized 1`] = `158830`;

exports[`QuoterV2 quotes #quoteExactInput 2 -> 0 cross 0 tick, starting tick initialized 1`] = `111494`;

exports[`QuoterV2 quotes #quoteExactInput 2 -> 0 cross 0 tick, starting tick not initialized 1`] = `111494`;

exports[`QuoterV2 quotes #quoteExactInput 2 -> 0 cross 2 1`] = `171816`;

exports[`QuoterV2 quotes #quoteExactInput 2 -> 0 cross 2 where tick after is initialized 1`] = `171828`;

exports[`QuoterV2 quotes #quoteExactInput 2 -> 1 1`] = `114524`;

exports[`QuoterV2 quotes #quoteExactInputSingle 0 -> 2 1`] = `187892`;

exports[`QuoterV2 quotes #quoteExactInputSingle 2 -> 0 1`] = `171858`;

exports[`QuoterV2 quotes #quoteExactOutput 0 -> 2 -> 1 1`] = `279964`;

exports[`QuoterV2 quotes #quoteExactOutput 0 -> 2 cross 0 tick starting tick initialized 1`] = `143579`;

exports[`QuoterV2 quotes #quoteExactOutput 0 -> 2 cross 0 tick starting tick not initialized 1`] = `126234`;

exports[`QuoterV2 quotes #quoteExactOutput 0 -> 2 cross 1 tick 1`] = `156942`;

exports[`QuoterV2 quotes #quoteExactOutput 0 -> 2 cross 2 tick 1`] = `185386`;

exports[`QuoterV2 quotes #quoteExactOutput 0 -> 2 cross 2 where tick after is initialized 1`] = `156966`;

exports[`QuoterV2 quotes #quoteExactOutput 2 -> 0 cross 1 tick 1`] = `143122`;

exports[`QuoterV2 quotes #quoteExactOutput 2 -> 0 cross 2 ticks 1`] = `171452`;

exports[`QuoterV2 quotes #quoteExactOutput 2 -> 0 cross 2 where tick after is initialized 1`] = `171446`;

exports[`QuoterV2 quotes #quoteExactOutput 2 -> 1 1`] = `115594`;

exports[`QuoterV2 quotes #quoteExactOutputSingle 0 -> 1 1`] = `128539`;

exports[`QuoterV2 quotes #quoteExactOutputSingle 1 -> 0 1`] = `114155`;
