// Jest Snapshot v1, https://goo.gl/fbAQLP

exports[`SwapRouter gas tests #exactInput 0 -> 1 -> 2 1`] = `380664`;

exports[`SwapRouter gas tests #exactInput 0 -> 1 1`] = `274139`;

exports[`SwapRouter gas tests #exactInput 0 -> 1 minimal 1`] = `242385`;

exports[`SwapRouter gas tests #exactInput 0 -> WETH9 1`] = `255083`;

exports[`SwapRouter gas tests #exactInput 2 trades (via router) 1`] = `416307`;

exports[`SwapRouter gas tests #exactInput 3 trades (directly to sender) 1`] = `526324`;

exports[`SwapRouter gas tests #exactInput WETH9 -> 0 1`] = `295463`;

exports[`SwapRouter gas tests #exactInputSingle 0 -> 1 1`] = `272681`;

exports[`SwapRouter gas tests #exactInputSingle 0 -> WETH9 1`] = `252804`;

exports[`SwapRouter gas tests #exactInputSingle WETH9 -> 0 1`] = `294005`;

exports[`SwapRouter gas tests #exactOutput 0 -> 1 -> 2 1`] = `371989`;

exports[`SwapRouter gas tests #exactOutput 0 -> 1 1`] = `278913`;

exports[`SwapRouter gas tests #exactOutput 0 -> WETH9 1`] = `321037`;

exports[`SwapRouter gas tests #exactOutput WETH9 -> 0 1`] = `317969`;

exports[`SwapRouter gas tests #exactOutputSingle 0 -> 1 1`] = `219780`;

exports[`SwapRouter gas tests #exactOutputSingle 0 -> WETH9 1`] = `254291`;

exports[`SwapRouter gas tests #exactOutputSingle WETH9 -> 0 1`] = `244066`;

exports[`SwapRouter gas tests 3 trades (directly to sender) 1`] = `400637`;
